ffmpeg version 2026-03-22-git-9c63742425-full_build-www.gyan.dev Copyright (c) 2000-2026 the FFmpeg developers
  built with gcc 15.2.0 (Rev11, Built by MSYS2 project)
  configuration: --enable-gpl --enable-version3 --enable-static --disable-w32threads --disable-autodetect --enable-cairo --enable-fontconfig --enable-iconv --enable-gnutls --enable-lcms2 --enable-libxml2 --enable-gmp --enable-bzlib --enable-lzma --enable-libsnappy --enable-zlib --enable-librist --enable-libsrt --enable-libssh --enable-libzmq --enable-avisynth --enable-libbluray --enable-libcaca --enable-libdvdnav --enable-libdvdread --enable-sdl2 --enable-libaribb24 --enable-libaribcaption --enable-libdav1d --enable-libdavs2 --enable-libopenjpeg --enable-libquirc --enable-libuavs3d --enable-libxevd --enable-libzvbi --enable-liboapv --enable-libqrencode --enable-librav1e --enable-libsvtav1 --enable-libvvenc --enable-libwebp --enable-libx264 --enable-libx265 --enable-libxavs2 --enable-libxeve --enable-libxvid --enable-libaom --enable-libjxl --enable-libsvtjpegxs --enable-libvpx --enable-mediafoundation --enable-libass --enable-frei0r --enable-libfreetype --enable-libfribidi --enable-libharfbuzz --enable-liblensfun --enable-libvidstab --enable-libvmaf --enable-libzimg --enable-amf --enable-cuda-llvm --enable-cuvid --enable-dxva2 --enable-d3d11va --enable-d3d12va --enable-ffnvcodec --enable-libvpl --enable-nvdec --enable-nvenc --enable-vaapi --enable-libshaderc --enable-vulkan --enable-libplacebo --enable-opencl --enable-libcdio --enable-openal --enable-libgme --enable-libmodplug --enable-libopenmpt --enable-libopencore-amrwb --enable-libmp3lame --enable-libshine --enable-libtheora --enable-libtwolame --enable-libvo-amrwbenc --enable-libcodec2 --enable-libilbc --enable-libgsm --enable-liblc3 --enable-libopencore-amrnb --enable-libopus --enable-libspeex --enable-libvorbis --enable-ladspa --enable-libbs2b --enable-libflite --enable-libmysofa --enable-librubberband --enable-libsoxr --enable-chromaprint --enable-whisper
  libavutil      60. 29.100 / 60. 29.100
  libavcodec     62. 29.101 / 62. 29.101
  libavformat    62. 13.101 / 62. 13.101
  libavdevice    62.  4.100 / 62.  4.100
  libavfilter    11. 15.101 / 11. 15.101
  libswscale      9.  7.100 /  9.  7.100
  libswresample   6.  4.100 /  6.  4.100
[aist#0:1/pcm_s16le @ 000001f26a6b2a40] Guessed Channel Layout: stereo
Input #0, avi, from 'C:/Users/wh/Documents/arc-nice/reports/mirage_demos/2026-09-07/01-lobby-teams.avi':
  Duration: 00:00:26.93, start: 0.000000, bitrate: 24029 kb/s
  Stream #0:0: Video: mjpeg (Baseline) (MJPG / 0x47504A4D), yuvj420p(pc, bt470bg/unknown/unknown), 1152x648 [SAR 1:1 DAR 16:9], 22509 kb/s, 30 fps, 30 tbr, 30 tbn
  Stream #0:1: Audio: pcm_s16le ([1][0][0][0] / 0x0001), 48000 Hz, stereo, s16, 1536 kb/s
Stream mapping:
  Stream #0:0 -> #0:0 (mjpeg (native) -> h264 (libx264))
  Stream #0:1 -> #0:1 (pcm_s16le (native) -> aac (native))
Press [q] to stop, [?] for help
[swscaler @ 000001f26a7cc000] deprecated pixel format used, make sure you did set range correctly
[libx264 @ 000001f26a6c3800] using SAR=1/1
[libx264 @ 000001f26a6c3800] using cpu capabilities: MMX2 SSE2Fast SSSE3 SSE4.2 AVX FMA3 BMI2 AVX2
[libx264 @ 000001f26a6c3800] profile High, level 3.1, 4:2:0, 8-bit
[libx264 @ 000001f26a6c3800] 264 - core 165 r3223 0480cb0 - H.264/MPEG-4 AVC codec - Copyleft 2003-2025 - http://www.videolan.org/x264.html - options: cabac=1 ref=3 deblock=1:0:0 analyse=0x3:0x113 me=hex subme=7 psy=1 psy_rd=1.00:0.00 mixed_ref=1 me_range=16 chroma_me=1 trellis=1 8x8dct=1 cqm=0 deadzone=21,11 fast_pskip=1 chroma_qp_offset=-2 threads=20 lookahead_threads=3 sliced_threads=0 nr=0 decimate=1 interlaced=0 bluray_compat=0 constrained_intra=0 bframes=3 b_pyramid=2 b_adapt=1 b_bias=0 direct=1 weightb=1 open_gop=0 weightp=2 keyint=250 keyint_min=25 scenecut=40 intra_refresh=0 rc_lookahead=40 rc=crf mbtree=1 crf=19.0 qcomp=0.60 qpmin=0 qpmax=69 qpstep=4 ip_ratio=1.40 aq=1:1.00
Output #0, mp4, to 'C:/Users/wh/Documents/arc-nice/reports/mirage_demos/2026-09-07/01-lobby-teams.mp4':
  Metadata:
    encoder         : Lavf62.13.101
  Stream #0:0: Video: h264 (avc1 / 0x31637661), yuv420p(pc, bt470bg/unknown/unknown, progressive), 1152x648 [SAR 1:1 DAR 16:9], q=2-31, 30 fps, 15360 tbn
    Metadata:
      encoder         : Lavc62.29.101 libx264
    Side data:
      CPB properties: bitrate max/min/avg: 0/0/0 buffer size: 0 vbv_delay: N/A
  Stream #0:1: Audio: aac (LC) (mp4a / 0x6134706D), 48000 Hz, stereo, fltp, 128 kb/s
    Metadata:
      encoder         : Lavc62.29.101 aac
frame=  202 fps=0.0 q=25.0 size=       0KiB time=00:00:09.13 bitrate=   0.0kbits/s speed=17.3x elapsed=0:00:00.52    frame=  419 fps=403 q=25.0 size=     768KiB time=00:00:16.51 bitrate= 381.0kbits/s speed=15.9x elapsed=0:00:01.03    frame=  657 fps=423 q=25.0 size=    1536KiB time=00:00:24.27 bitrate= 518.3kbits/s speed=15.6x elapsed=0:00:01.55    [mp4 @ 000001f26a6b4740] Starting second pass: moving the moov atom to the beginning of the file
[out#0/mp4 @ 000001f26a6b4640] video:1847KiB audio:15KiB subtitle:0KiB other streams:0KiB global headers:0KiB muxing overhead: 1.624451%
frame=  808 fps=432 q=-1.0 Lsize=    1892KiB time=00:00:26.93 bitrate= 575.5kbits/s speed=14.4x elapsed=0:00:01.87    
[libx264 @ 000001f26a6c3800] frame I:5     Avg QP:13.69  size:105936
[libx264 @ 000001f26a6c3800] frame P:221   Avg QP:15.07  size:  4074
[libx264 @ 000001f26a6c3800] frame B:582   Avg QP:14.57  size:   792
[libx264 @ 000001f26a6c3800] consecutive B-frames:  3.2%  1.7%  1.5% 93.6%
[libx264 @ 000001f26a6c3800] mb I  I16..4: 16.4% 76.0%  7.6%
[libx264 @ 000001f26a6c3800] mb P  I16..4:  0.4%  2.5%  0.1%  P16..4:  3.9%  0.8%  0.9%  0.0%  0.0%    skip:91.3%
[libx264 @ 000001f26a6c3800] mb B  I16..4:  0.0%  0.3%  0.0%  B16..8:  1.4%  0.3%  0.1%  direct: 0.2%  skip:97.6%  L0:31.7% L1:56.6% BI:11.7%
[libx264 @ 000001f26a6c3800] 8x8 transform intra:81.4% inter:88.5%
[libx264 @ 000001f26a6c3800] coded y,uvDC,uvAC intra: 69.5% 56.6% 30.2% inter: 1.2% 1.2% 0.3%
[libx264 @ 000001f26a6c3800] i16 v,h,dc,p: 52% 43%  5%  0%
[libx264 @ 000001f26a6c3800] i8 v,h,dc,ddl,ddr,vr,hd,vl,hu: 21% 25% 36%  3%  2%  2%  2%  3%  5%
[libx264 @ 000001f26a6c3800] i4 v,h,dc,ddl,ddr,vr,hd,vl,hu: 34% 34% 11%  3%  3%  3%  4%  3%  4%
[libx264 @ 000001f26a6c3800] i8c dc,h,v,p: 41% 32% 24%  3%
[libx264 @ 000001f26a6c3800] Weighted P-Frames: Y:1.4% UV:0.9%
[libx264 @ 000001f26a6c3800] ref P L0: 76.4%  8.2%  9.6%  5.7%  0.0%
[libx264 @ 000001f26a6c3800] ref B L0: 73.5% 22.7%  3.8%
[libx264 @ 000001f26a6c3800] ref B L1: 93.3%  6.7%
[libx264 @ 000001f26a6c3800] kb/s:561.57
[aac @ 000001f26a6e9f00] Qavg: 64582.125
