Godot Engine v4.6.3.stable.official.7d41c59c4 - https://godotengine.org
Vulkan 1.4.351 - Forward+ - Using Device #0: NVIDIA - NVIDIA GeForce RTX 3080

Movie Maker mode enabled, recording movie in 1152×648 @ 30 FPS...
NetManager: LAN Host 已创建, port=48981, max_players=4
LOBBY_DEMO_HOST: {"event":"host_created_by_production_button","local_peer_id":1,"roster":[{"character":"weishidaier","name":"演示房主","peer_id":1,"team":""}],"session_id":0,"state":1,"video_seconds":0.0,"wall_elapsed_ms":62}
NetManager: Peer 已连接, id=1009039117
NetManager: 玩家注册, id=1009039117, name=演示队员
LOBBY_DEMO_HOST: {"event":"two_real_peers_registered","local_peer_id":1,"roster":[{"character":"weishidaier","name":"演示房主","peer_id":1,"team":""},{"character":"weishidaier","name":"演示队员","peer_id":1009039117,"team":""}],"session_id":0,"state":1,"video_seconds":0.1,"wall_elapsed_ms":216}
LOBBY_DEMO_HOST: {"event":"host_clicked_CT","local_peer_id":1,"roster":[{"character":"weishidaier","name":"演示房主","peer_id":1,"team":"CT"},{"character":"weishidaier","name":"演示队员","peer_id":1009039117,"team":""}],"session_id":0,"state":1,"video_seconds":4.125,"wall_elapsed_ms":5077}
LOBBY_DEMO_HOST: {"event":"client_clicked_T_roster_confirmed","local_peer_id":1,"roster":[{"character":"weishidaier","name":"演示房主","peer_id":1,"team":"CT"},{"character":"weishidaier","name":"演示队员","peer_id":1009039117,"team":"T"}],"session_id":0,"state":1,"video_seconds":8.192,"wall_elapsed_ms":10011}
LOBBY_DEMO_HOST: {"event":"host_clicked_start","local_peer_id":1,"roster":[{"character":"weishidaier","name":"演示房主","peer_id":1,"team":"CT"},{"character":"weishidaier","name":"演示队员","peer_id":1009039117,"team":"T"}],"session_id":1,"state":5,"video_seconds":13.225,"wall_elapsed_ms":16046}
LOBBY_DEMO_HOST: {"event":"production_match_IN_GAME","local_peer_id":1,"roster":[{"character":"weishidaier","name":"演示房主","peer_id":1,"team":"CT"},{"character":"weishidaier","name":"演示队员","peer_id":1009039117,"team":"T"}],"session_id":1,"state":6,"video_seconds":13.825,"wall_elapsed_ms":16949}
LOBBY_DEMO_HOST: {"event":"TAB_scoreboard_open","local_peer_id":1,"roster":[{"character":"weishidaier","name":"演示房主","peer_id":1,"team":"CT"},{"character":"weishidaier","name":"演示队员","peer_id":1009039117,"team":"T"}],"session_id":1,"state":6,"video_seconds":19.858,"wall_elapsed_ms":24688}
LOBBY_DEMO_HOST: {"event":"capture_finished","local_peer_id":1,"roster":[{"character":"weishidaier","name":"演示房主","peer_id":1,"team":"CT"},{"character":"weishidaier","name":"演示队员","peer_id":1009039117,"team":"T"}],"session_id":1,"state":6,"video_seconds":26.925,"wall_elapsed_ms":33506}
NetManager: 已重置全局暂停状态, reason=disconnect
NetManager: 已断开连接
--------------------------------------------------------------------------------
Done recording movie at path: res://reports/mirage_demos/2026-09-07/01-lobby-teams.avi
808 frames at 30 FPS (movie length: 00:00:26:28), recorded in 00:00:37 (70% of real-time speed).
CPU render time: 0.32 seconds (average: 0.39 ms/frame)
GPU render time: 0.12 seconds (average: 0.14 ms/frame)
Encoding time: 6.99 seconds (average: 8.65 ms/frame)
--------------------------------------------------------------------------------
